// Jest Snapshot v1, https://goo.gl/fbAQLP

exports[`should check snapshot for SideMenu 1`] = `
Array [
  <div
    className="makeStyles-menu-26"
  >
    <button
      className="MuiButtonBase-root MuiButton-root MuiButton-text makeStyles-add-32 makeStyles-add-34 makeStyles-width-33 makeStyles-width-35"
      disabled={false}
      onBlur={[Function]}
      onClick={[Function]}
      onDragLeave={[Function]}
      onFocus={[Function]}
      onKeyDown={[Function]}
      onKeyUp={[Function]}
      onMouseDown={[Function]}
      onMouseLeave={[Function]}
      onMouseUp={[Function]}
      onTouchEnd={[Function]}
      onTouchMove={[Function]}
      onTouchStart={[Function]}
      tabIndex={0}
      type="button"
    >
      <span
        className="MuiButton-label"
      >
        <svg
          aria-hidden={true}
          className="MuiSvgIcon-root"
          focusable="false"
          viewBox="0 0 24 24"
        >
          <path
            d="M6 10c-1.1 0-2 .9-2 2s.9 2 2 2 2-.9 2-2-.9-2-2-2zm12 0c-1.1 0-2 .9-2 2s.9 2 2 2 2-.9 2-2-.9-2-2-2zm-6 0c-1.1 0-2 .9-2 2s.9 2 2 2 2-.9 2-2-.9-2-2-2z"
          />
        </svg>
         
        Show Menu
      </span>
    </button>
  </div>,
  <div
    className="MuiPaper-root makeStyles-container-24 makeStyles-container-31 MuiPaper-outlined MuiPaper-rounded"
  >
    <div
      style={
        Object {
          "display": "flex",
        }
      }
    >
      <div
        className="makeStyles-title-36 makeStyles-title-38"
      >
        Menu
      </div>
      <button
        className="MuiButtonBase-root MuiIconButton-root makeStyles-close-37"
        data-testid="MenuHeader-close-button"
        disabled={false}
        onBlur={[Function]}
        onClick={[Function]}
        onDragLeave={[Function]}
        onFocus={[Function]}
        onKeyDown={[Function]}
        onKeyUp={[Function]}
        onMouseDown={[Function]}
        onMouseLeave={[Function]}
        onMouseUp={[Function]}
        onTouchEnd={[Function]}
        onTouchMove={[Function]}
        onTouchStart={[Function]}
        tabIndex={0}
        type="button"
      >
        <span
          className="MuiIconButton-label"
        >
          <svg
            aria-hidden={true}
            className="MuiSvgIcon-root"
            focusable="false"
            viewBox="0 0 24 24"
          >
            <path
              d="M19 6.41L17.59 5 12 10.59 6.41 5 5 6.41 10.59 12 5 17.59 6.41 19 12 13.41 17.59 19 19 17.59 13.41 12z"
            />
          </svg>
        </span>
      </button>
    </div>
    <hr
      className="makeStyles-hr-39"
    />
    <div
      className="makeStyles-search-27"
    >
      <div
        className="makeStyles-searchIcon-28"
      >
        <svg
          aria-hidden={true}
          className="MuiSvgIcon-root"
          focusable="false"
          viewBox="0 0 24 24"
        >
          <path
            d="M15.5 14h-.79l-.28-.27C15.41 12.59 16 11.11 16 9.5 16 5.91 13.09 3 9.5 3S3 5.91 3 9.5 5.91 16 9.5 16c1.61 0 3.09-.59 4.23-1.57l.27.28v.79l5 4.99L20.49 19l-4.99-5zm-6 0C7.01 14 5 11.99 5 9.5S7.01 5 9.5 5 14 7.01 14 9.5 11.99 14 9.5 14z"
          />
        </svg>
      </div>
      <div
        className="MuiInputBase-root makeStyles-inputRoot-29"
        onClick={[Function]}
      >
        <input
          aria-label="search"
          className="MuiInputBase-input makeStyles-inputInput-30"
          onAnimationStart={[Function]}
          onBlur={[Function]}
          onChange={[Function]}
          onFocus={[Function]}
          placeholder="Search by keyword"
          type="text"
          value=""
        />
      </div>
    </div>
    
    <hr
      className="makeStyles-hr-39"
    />
    <button
      className="MuiButtonBase-root MuiButton-root MuiButton-text makeStyles-add-32 makeStyles-add-40 makeStyles-width-33 makeStyles-width-41"
      disabled={false}
      onBlur={[Function]}
      onClick={[Function]}
      onDragLeave={[Function]}
      onFocus={[Function]}
      onKeyDown={[Function]}
      onKeyUp={[Function]}
      onMouseDown={[Function]}
      onMouseLeave={[Function]}
      onMouseUp={[Function]}
      onTouchEnd={[Function]}
      onTouchMove={[Function]}
      onTouchStart={[Function]}
      tabIndex={0}
      type="button"
    >
      <span
        className="MuiButton-label"
      >
        <span
          style={
            Object {
              "backgroundColor": "undefined",
              "backgroundImage": "url(undefined)",
              "backgroundRepeat": "no-repeat",
              "backgroundSize": "cover",
              "borderRadius": "2px",
              "height": "20px",
              "marginRight": "13px",
              "width": "20px",
            }
          }
        />
         
        Change Background
      </span>
    </button>
    <button
      className="MuiButtonBase-root MuiButton-root MuiButton-text makeStyles-add-32 makeStyles-add-42 makeStyles-width-33 makeStyles-width-43"
      disabled={false}
      onBlur={[Function]}
      onClick={[Function]}
      onDragLeave={[Function]}
      onFocus={[Function]}
      onKeyDown={[Function]}
      onKeyUp={[Function]}
      onMouseDown={[Function]}
      onMouseLeave={[Function]}
      onMouseUp={[Function]}
      onTouchEnd={[Function]}
      onTouchMove={[Function]}
      onTouchStart={[Function]}
      tabIndex={0}
      type="button"
    >
      <span
        className="MuiButton-label"
      >
        <svg
          aria-hidden={true}
          className="MuiSvgIcon-root"
          focusable="false"
          style={
            Object {
              "marginRight": "10px",
            }
          }
          viewBox="0 0 24 24"
        >
          <path
            d="M15 16h4v2h-4zm0-8h7v2h-7zm0 4h6v2h-6zM3 18c0 1.1.9 2 2 2h6c1.1 0 2-.9 2-2V8H3v10zM14 5h-3l-1-1H6L5 5H2v2h12z"
          />
        </svg>
         
        Delete Board
      </span>
    </button>
    <div
      style={
        Object {
          "display": "flex",
          "marginTop": "20px",
        }
      }
    >
      <svg
        aria-hidden={true}
        className="MuiSvgIcon-root MuiSvgIcon-fontSizeSmall"
        focusable="false"
        style={
          Object {
            "color": "#172B4D",
            "opacity": "0.8",
            "paddingLeft": "20px",
          }
        }
        viewBox="0 0 24 24"
      >
        <path
          d="M22 11V3h-7v3H9V3H2v8h7V8h2v10h4v3h7v-8h-7v3h-2V8h2v3z"
        />
      </svg>
      <div
        style={
          Object {
            "color": "#172B4D",
            "fontSize": "15px",
            "fontWeight": "bold",
            "opacity": "0.9",
            "paddingBottom": "10px",
            "paddingLeft": "10px",
          }
        }
      >
        Activity
      </div>
    </div>
    <div
      className="makeStyles-scroll-25"
    >
      <div
        className="makeStyles-wrapper-44"
      />
    </div>
  </div>,
  <div />,
]
`;
